
[1m[46m RUN [49m[22m [36mv4.0.18 [39m[90mD:/LaravelHerd/korp-assignment/client[39m

 [31mΓ¥»[39m src/components/ui/ConfirmDialog.spec.ts [2m([22m[2m5 tests[22m[2m | [22m[31m5 failed[39m[2m)[22m[32m 161[2mms[22m[39m
[31m     [31m├ù[31m renders with default props[39m[32m 74[2mms[22m[39m
[31m     [31m├ù[31m renders custom title and message[39m[32m 24[2mms[22m[39m
[31m     [31m├ù[31m emits update:modelValue with false and cancel on cancel button click[39m[32m 18[2mms[22m[39m
[31m     [31m├ù[31m emits confirm and closes dialog on confirm button click without pin[39m[32m 18[2mms[22m[39m
[31m     [31m├ù[31m disables confirm button when pin is required[39m[32m 27[2mms[22m[39m
npx : 
At line:1 char:1
+ npx vitest run src/components/ui/ConfirmDialog.spec.ts > vitest_outpu ...
+ ~~~~~~~~~~~~~~~~~~~~~~~~~~~~~~~~~~~~~~~~~~~~~~~~~~~~~~~~~~~~~~~~~~~~~
    + CategoryInfo          : NotSpecified: (:String) [], RemoteException
    + FullyQualifiedErrorId : NativeCommandError
 
[31mΓÄ»ΓÄ»ΓÄ»ΓÄ»ΓÄ»ΓÄ»ΓÄ»[39m[1m[41m Failed Tests 5 
[49m[22m[31mΓÄ»ΓÄ»ΓÄ»ΓÄ»ΓÄ»ΓÄ»ΓÄ»[39m

[41m[1m FAIL [22m[49m src/components/ui/ConfirmDialog.spec.ts[2m > 
[22mConfirmDialog.vue[2m > [22mrenders with default props
[41m[1m FAIL [22m[49m src/components/ui/ConfirmDialog.spec.ts[2m > 
[22mConfirmDialog.vue[2m > [22mrenders custom title and message
[41m[1m FAIL [22m[49m src/components/ui/ConfirmDialog.spec.ts[2m > 
[22mConfirmDialog.vue[2m > [22memits update:modelValue with false and cancel 
on cancel button click
[41m[1m FAIL [22m[49m src/components/ui/ConfirmDialog.spec.ts[2m > 
[22mConfirmDialog.vue[2m > [22memits confirm and closes dialog on confirm 
button click without pin
[41m[1m FAIL [22m[49m src/components/ui/ConfirmDialog.spec.ts[2m > 
[22mConfirmDialog.vue[2m > [22mdisables confirm button when pin is required
[31m[1mReferenceError[22m: visualViewport is not defined[39m
[90m [2mΓ¥»[22m fn node_modules/vuetify/src/components/VOverlay/locationStrateg
ies.ts:[2m102:7[22m[39m
[90m [2mΓ¥»[22m 
node_modules/vuetify/src/composables/toggleScope.ts:[2m12:9[22m[39m
[90m [2mΓ¥»[22m EffectScope.run 
node_modules/@vue/reactivity/dist/reactivity.cjs.js:[2m85:16[22m[39m
[90m [2mΓ¥»[22m start 
node_modules/vuetify/src/composables/toggleScope.ts:[2m11:11[22m[39m
[90m [2mΓ¥»[22m immediate 
node_modules/vuetify/src/composables/toggleScope.ts:[2m19:7[22m[39m
[90m [2mΓ¥»[22m callWithErrorHandling 
node_modules/@vue/runtime-core/dist/runtime-core.cjs.js:[2m200:19[22m[39m
[90m [2mΓ¥»[22m callWithAsyncErrorHandling 
node_modules/@vue/runtime-core/dist/runtime-core.cjs.js:[2m207:17[22m[39m
[90m [2mΓ¥»[22m baseWatchOptions.call 
node_modules/@vue/runtime-core/dist/runtime-core.cjs.js:[2m877:47[22m[39m
[90m [2mΓ¥»[22m job 
node_modules/@vue/reactivity/dist/reactivity.cjs.js:[2m1893:18[22m[39m
[90m [2mΓ¥»[22m Object.watch 
node_modules/@vue/reactivity/dist/reactivity.cjs.js:[2m1928:7[22m[39m

[31m[2mΓÄ»ΓÄ»ΓÄ»ΓÄ»ΓÄ»ΓÄ»ΓÄ»ΓÄ»ΓÄ»ΓÄ»ΓÄ»ΓÄ»ΓÄ»ΓÄ»ΓÄ»ΓÄ»ΓÄ»ΓÄ»ΓÄ»ΓÄ»ΓÄ»ΓÄ»ΓÄ»ΓÄ»[
1/5]ΓÄ»[22m[39m


[2m Test Files [22m [1m[31m1 failed[39m[22m[90m (1)[39m
[2m      Tests [22m [1m[31m5 failed[39m[22m[90m (5)[39m
[2m   Start at [22m 11:33:36
[2m   Duration [22m 3.82s[2m (transform 2.03s, setup 0ms, import 2.76s, tests 161ms, environment 593ms)[22m

